找到 4 個 PDF 檔案，開始測試...

============================================================
檔案: 促轉司字第1號_崔乃彬 1071121.pdf
1. [Meta] 案號: 促轉司字第1號
2. [Meta] 聲請人: 依職權調查
3. [Meta] 受裁判人: 崔乃彬
4. [主文] (前 100 字): 崔乃彬受台灣省保安司令部 44 年 7 月 10 日（44）審復字第 24 號刑事有罪判決暨其刑、褫奪公權及沒收之宣告，於 106 年 12 月 29 日即促進轉型正義條例施行之日視為撤銷。...

   --- [理由結構化樹狀預覽] ---
[L1] 一、 促進轉型正義條例第 6 條第 3 項第 2 款所稱「應予平復司法不法之刑事有罪判決」，係指同條第 1 項所規定之「...
[L1] 二、 本會依職權調查崔乃彬刑事有罪判決本件當事人崔乃彬受台灣省保安司令部 44 年 7 月 10 日（44）審復字第 2...
[L1] 三、 崔乃彬刑事有罪判決之要旨（一） 崔乃彬是國防部台灣軍人監獄移送台灣省保安司令部新生訓導處執行之已決叛亂犯。其於 4...
    [L2] （二） 崔乃彬對相關事實雖矢口否認，但已據高木榮歷於該部保安處及軍法處偵審各庭供證明確在卷，而崔乃彬並不能提出反證，係空...
[L1] 四、 崔乃彬所受刑事有罪判決，係屬威權統治時期，違反自由民主憲政秩序、侵害公平審判原則所為追訴及審判之刑事案件（一） 關...
    [L2] （二） 崔乃彬所受刑事有罪判決，係秉總統之意志而作成，有違憲法有關權力分立及審判獨立原則之要求
        [L3] 1、 台灣省保安司令部原於 43 年 10 月 1 日以（43）審三字第 52號判決崔乃彬於刑之執行完畢或赦免後交付感化...
        [L3] 2、 然軍法判決之呈核，於中華民國憲法施行前，原係依 19 年3 月 24 日公布之「陸海空軍審判法」第 36 條規定：...
        [L3] 3、 然國防部竟於 39 年 6 月將陸海空軍審判法及戰時陸海空軍簡易審判規程，關於呈核之規定，綜合刪併為「國防部軍法案...
            [Body] 乙. 士兵及其同等軍人處死刑者。丙.非軍人依法應受軍法裁判案件之處死刑者。但高級官吏及情節重大案件仍呈請總統核定。三、不...
            [Body] 嗣總統蔣中正更以（40）午冬乾瑞 40376 號代電命令修正呈核標準：「查軍法案件呈核標準嗣後應照下列規定辦理：（一）非...
            [Body] 以上三項希即遵照為盼。」藉由上述呈核標準之頒訂及修正，訓政時期軍法判決呈核之作法乃告復活，進而受軍事審判軍、民之生殺予奪...
        [L3] 4、 惟，有關權力分立與制衡之原則，具有本質之重要性，乃現行憲法賴以存立之基礎，凡憲法設置之機關均有遵守之義務，經釋字第...
            [Body] 「法官須超出黨派以外，依據法律獨立審判，不受任何干涉」所定審判獨立原則之適用。若此項審判、處罰之權力竟遭行政權或立法權僭...
            [Body] 總統蔣中正下令收攬軍事審判之終局決定權於己手，而能決定受軍事審判軍、民之生死與自由，實已臻集權之極而與君主獨裁無異，自有...
            [Body] 綜上，崔乃彬受 43 年 10 月 1 日（43）審三字第 52 號判決後之呈核及總統 44 年 5 月 9 日台統（二...
    [L2] （三） 本件判決是對被告崔乃彬的思想施予刑罰制裁的司法判決，也是統治當局剝奪受判決人思想自由的一項統治手段，嚴重侵犯人權...
        [L3] 1、 司法院釋字第 567 號解釋理由書指出：「非常時期，國家固得為因應非常事態之需要，而對人民權利作較嚴格之限制，惟限...
        [L3] 2、 本件判決認定崔乃彬有「意圖以非法之方法顛覆政府而著手實行」的行為，所依據之犯罪事實為「崔乃彬 42 年 2、3 月...
            [Body] 依上開記載，本件最多只涉及「崔乃彬曾持有中國共產黨的宣傳資料」或「曾把資料讓同案被告高木榮看過」。此一事實僅僅能說明崔乃...
        [L3] 3、 即使將崔乃彬傳遞資料給他人的行為認定為一種言論，但此行為的涵意極不明確，與「意圖顛覆政府而著手」的行為差距更十分遙...
        [L3] 4、 再者，經檢索國家發展委員會檔案管理局之檔案資料庫資料可知，在發回復審前，台灣省保安司令部就本件原本是於 43年 1...
            [Body] 理由中記載：「（崔乃彬）雖各該犯行均難構成懲治叛亂條例上罪名，但該被判告崔乃彬…於罪刑執行中猶迷戀匪幫，不能憬然悔悟，足...
        [L3] 5、 綜上，本件判決是以刑罰制裁崔乃彬，使崔乃彬因思想獲罪。
            [Body] 更甚者，本判決對崔乃彬量處死刑，以達到使崔乃彬所懷抱之不受統治當局歡迎之思想永與世隔絕之目的，不但已達剝奪崔乃彬思想自由...
    [L2] （四） 本件判決將表達、傳播反對政府之思想解釋為著手實行叛亂，已屬擴張解釋或類推適用當時之刑法第 100 條第 1 項規...
        [L3] 1、 刑罰乃是對人之生命、自由、財產的限制甚至剝奪，是最嚴厲、也最具威嚇性的控制、震懾人類的手段，因此有權定義進而懲罰犯...
            [Body] 因此，僅有代表民意之立法機關始有制定刑罰規定之權力，國民主權原則才有可能落實。也唯有代表民意之立法機關所制定之刑罰法律，...
        [L3] 2、 24 年 7 月 1 日施行之刑法第 100 條第 1 項規定：「意圖破壞國體，竊據國土，或以非法之方法變更國憲，...
        [L3] 3、 法官有遵守憲法並依據合憲法律裁判之義務。基於此項義務，當個案所適用之法律有違憲疑義時，法官應為符合憲法之解釋。雖本...
        [L3] 4、 即使依本件判決所認定「崔乃彬將反動字條交高木榮閱讀，並教育以『韓戰越戰是民族解放戰爭是正確的』及匪幫『新婚姻法』」...
    [L2] （五） 崔乃彬於本件偵審過程中受有酷刑，其人身自由與人性尊嚴遭受統治當局的嚴重侵犯，且本件違反現代國家所要求的「依證據裁...
        [L3] 1、 本件 43 年 4 月 26 日台灣省保安司令部之審判筆錄，就崔乃彬的部分有如下記載：「問：你在保安處供認不諱，今...
            [Body] 依該件筆錄記載，其他共同被告劉○○、黃○○也陳述有受刑求之事實，經軍事審判官當庭驗傷也有相符的驗傷結果。
            [Body] 刑求抗辯是對證據與起訴合法性的嚴厲指控，軍事審判官卻從未予以調查，判決書也不置一詞，這是刑求現象系統性存在，而審判機關加...
        [L3] 2、 本件在追訴、審判過程中，除使被告在刑求下做出認罪的錯誤自白外，判決的做成亦不符 34 年 12 月 26 日修正公...
            [Body] 由此可見，本件判決的做成僅僅基於審判機關的政治需要，而非根據證據是否充分，既違反公平審判原則，也違反法治原則。
        [L3] 3、 被告基於「無罪推定原則」、「不自證己罪原則」，既無供述之義務，亦無真實陳述之義務，同時亦不負自證清白之責任，不能因...
    [L2] （六） 事實上，本件當事人崔乃彬之所以因思想入罪、遭受酷刑逼供、無證據被判有罪，乃至於最終被剝奪財產與生命，正是因為當下...
[L1] 五、 綜上，本件崔乃彬受台灣省保安司令部 44 年 7 月 10 日（44）審復字第 24 號刑事有罪判決，違反自由民主...
    [Body] 據上論結，爰依促進轉型正義條例第 6 條第 1 項及第 3 項第 2 款規定，決定如主文。
    [Body] 促進轉型正義委員會代理主任委員 楊 翠委員 彭仁郁葉虹靈許雪姬高天惠'Eleng Tjaljimaraw尤伯祥中 華 民...

6. [表格] 數量: 1
   -> 表格範例 (第一列): ['', '起訴者', '審判者', '呈核者', '核定者']

============================================================
檔案: 促轉司字第46號_王超倫、洪天復 1091223.pdf
1. [Meta] 案號: 促轉司字第46號
2. [Meta] 聲請人: 依職權調查
3. [Meta] 受裁判人: 王超倫、洪天復
4. [主文] (前 100 字): 王超倫、洪天復受臺灣省保安司令部(39)安潔字第 2302 號刑事有罪判決暨其刑、褫奪公權及沒收之宣告，於 106 年 12 月 29 日即促進轉型正義條例施行之日視為撤銷。...

   --- [理由結構化樹狀預覽] ---
[L1] 一、 本會依職權調查王超倫、洪天復刑事有罪判決本件當事人王超倫、洪天復受臺灣省保安司令部(39)安潔字第2302 號刑事...
[L1] 二、 王超倫、洪天復刑事有罪判決之要旨（一） 王超倫
    [L3] 1、 臺灣大學（以下稱臺大）工學院支部書記王超倫，於民國（下同）37 年 4 月經在逃之王子英介紹，參加匪黨，曾直接受陳...
    [L3] 2、 王超倫對於 37 年 4 月參加匪黨，先後吸收在逃之鄭正志、黃獻鎮等加入組織，任臺大工學院支部書記，領導張坤修等，...
    [L2] （二） 洪天復
        [L3] 1、 賴裕傳38年7月由師院畢業後，任高雄商業職業學校教員，旋任高雄支部書記，領導林賜安、洪天復、林慧哲等人工作，並與鄭...
        [L3] 2、 洪天復對於參加共匪組織，分別直接、間接受上開陳水木等之命，從事發展匪黨組織等事實，均已供認並互證屬實，罪證確鑿，了...
[L1] 三、 本件判決之背景學生工作委員會（以下稱學委會）是 36 年 8 月成立，隸屬於中國共產黨臺灣省工作委員會（以下稱省工...
    [Body] 學委會負責全臺灣大專院校學生的組織發展及學生運動領導工作，下轄臺大法學院、工學院及師範學院等近 10 個支部小組，以臺大...
    [Body] 38 年 8 月臺大法學院支部因光明報事件遭破獲，39 年 4 月國防部保密局循線逮捕省工委書記蔡孝乾，蔡孝乾於遭捕後被...
[L1] 四、 促進轉型正義條例第 6 條第 3 項第 2 款所稱「應予平復司法不法之刑事有罪判決」，係指同條第 1 項所規定之「...
[L1] 五、 王超倫、洪天復所受刑事有罪判決，係屬威權統治時期，違反自由民主憲政秩序、侵害公平審判原則所為追訴及審判之刑事案件（...
    [L2] （二） 本件判決遭總統之意志介入，違反憲法權力分立及審判獨立原則，違反自由民主憲政秩序
        [L3] 1、 按憲法第 80 條：「法官須超出黨派以外，依據法律獨立審判，不受任何干涉。」明文揭示法官從事審判僅受法律之拘束，不...
        [L3] 2、 軍事審判機關所行使之審判權，亦屬國家刑罰權之一種，具司法權之性質，其發動與運作，必須符合正當法律程序之最低要求，包...
            [L4] （1） 經查本件臺灣省保安司令部(39)安潔字第 2302 號判決，軍事審判官原擬判：「賴裕傳、吳瑞爐、王超倫、鄭文峰、...
            [L4] （2） 惟該判決由參謀總長周至柔 39年 10月 30日送呈核後，遭總統府參軍長劉士毅以 39 年 11 月 8 日總統...
            [L4] （3） 隨後，國防部(39)勁助字第 1047 號代電臺灣省保安司令部：「……賴裕傳、吳瑞爐、王超倫、鄭文峰、葉盛吉、鄭...
        [L3] 3、 由上述過程可見，本件臺灣省保安司令部(39)安潔字第 2302號判決，實已遭總統蔣中正之意志介入，而要求改判之行為...
    [L2] （三） 本件判決將王超倫加入組織、吸收他人加入組織、發展組織解釋為著手實行叛亂，已屬不當擴張解釋或類推適用當時之刑法第 ...
        [L3] 1、 刑罰乃是對人之生命、自由、財產的限制甚至剝奪，是最嚴厲、也最具威嚇性的控制、震懾人類的手段，因此有權定義進而懲罰犯...
            [Body] 也因此，僅有代表民意之立法機關始有制定刑罰規定之權力，國民主權原理才有可能落實。也唯有代表民意之立法機關所制定之刑罰法律...
        [L3] 2、 24 年 7 月 1 日施行之刑法第 100 條第 1 項規定：「意圖破壞國體，竊據國土，或以非法之方法變更國憲，...
        [L3] 3、 法官有遵守憲法並依據合憲法律裁判之義務。基於此項義務，當個案所適用之法律有違憲疑義時，法官應為符合憲法之解釋。本件...
        [L3] 4、 縱使在特殊環境下有懲治叛亂條例等特別刑法，惟適用上亦應依具體事實通過涵攝各該行為之法律構成要件，以決定適用何等條文...
    [L2] （四） 本件王超倫否認意圖顛覆政府，軍事審判官不僅未詳加調查，反逕自任意作為有罪判決之基礎，嚴重違反證據裁判原則，侵害公...
        [L3] 1、 按 34 年 12 月 26 日修正公布之刑事訴訟法第 268 條規定：
            [Body] 「犯罪事實，應依證據認定之。」此即現代國家所要求的「依證據裁判原則」。同法第 270 條規定：「被告之自白非出於強暴、脅...
        [L3] 2、 本件判決理由記載：「王超倫對於 37 年 4 月參加匪黨，先後吸收在逃之鄭正志、黃獻鎮等加入組織，任台大工學院支部...
            [L4] （2） 查張坤修 39 年 9 月 9 日臺灣省保安司令部軍法處訊問筆錄記載：「問：你入黨（共產黨）是否受工學院王超倫領...
                [Body] 沒有此意」。
        [L3] 3、 依前訊問筆錄顯示，王超倫承認參加共產黨，但否認意圖顛覆政府；而張坤修亦表示承認參加共產黨，但否認意圖顛覆政府，惟軍...
            [Body] 「意圖以非法方法顛覆政府，建立共匪政權之叛亂行為，業據該被告等，『互相供證不諱』」顯有重大違誤，違反證據裁判原則，侵害公...
    [L2] （五） 本件屬應強制辯護之案件，王超倫、洪天復卻完全未獲得辯護人協助行使防禦權，嚴重違反正當法律程序，侵害公平審判原則
        [L3] 1、 憲法第 8 條第 1 項規定，人民身體之自由應予保障，非由法院依法定程序不得審問處罰；憲法第 16 條並規定人民有...
        [L3] 2、 刑事被告在訴訟上有依賴律師為其辯護之權，此為人民依憲法第 16 條規定賦予訴訟權所衍生之基本權，功能在使被告充分行...
        [L3] 3、 按 34 年 12 月 26 日修正公布之刑事訴訟法第 31 條第 1 項規定：「最輕本刑為 5 年以上有期徒刑，...
        [L3] 4、 惟經查本件卷宗資料、偵查及審判筆錄、判決書之內容，王超倫、洪天復於本件偵查及審判過程完全未獲得任何辯護人協助辯護，...
    [L2] （六） 本件王超倫、洪天復屬應行合議審判案件，卻由軍法官一人獨任審判，嚴重違反正當法律程序，侵害公平審判原則
        [L3] 1、 按 32 年 3 月 8 日修正公布之戰時陸海空軍審判簡易規程第2 條規定：「審判將官及其同等軍人之案件，以審判長...
        [L3] 2、 本件王超倫、洪天復分別涉犯之懲治叛亂條例第 2 條第 1 項及第 5 條，依同條例第 10 條規定，由軍事機關審判...
        [L3] 3、 惟查本件判決書，本件僅由軍法官周咸慶獨任軍法審判官，並判處王超倫死刑及洪天復有期徒刑 15 年，該軍事審判機關之組...
[L1] 六、 綜上，本件王超倫、洪天復受臺灣省保安司令部(39)安潔字第2302 號刑事有罪判決，違反自由民主憲政秩序、侵害公平...
    [Body] 該有罪判決暨其刑、褫奪公權及沒收之宣告，於 106 年 12 月 29日即促進轉型正義條例施行之日視為撤銷。
    [Body] 據上論結，爰依促進轉型正義條例第 6 條第 1 項及第 3 項第 2 款規定，決定如主文。
    [Body] 促進轉型正義委員會主任委員 楊 翠副主任委員 葉虹靈委員 林佳範陳雨凡王增勇許雪姬蔡志偉徐偉群彭仁郁中 華 民 國 1 ...

6. [表格] 數量: 1
   -> 表格範例 (第一列): ['', '起訴者', '審判者', '呈核者', '核定者']

============================================================
檔案: 促轉司字第85號_簡龍飛（駁回）1110518.PDF
1. [Meta] 案號: 促轉司字第85號
2. [Meta] 聲請人: 簡炳洪
3. [Meta] 受裁判人: None
4. [主文] (前 100 字): 聲請駁回...

   --- [理由結構化樹狀預覽] ---
[L1] 一、 本件聲請意旨（一） 聲請人於民國（下同）111 年 2 月 22 日及 3 月 18 日提出之陳情書及聲請書主張略...
    [L2] （二） 經本會向相關機關調閱案卷後，函請聲請人補充意見，聲請人於 111 年 4 月 11 日函復本會並重申上情。
[L1] 二、 本件調查經過（一） 當事人曾於 88 年 4 月 6 日就陸軍供應司令部 47 年 6 月 12 日
    [L4] (47)年度判字第 273 號、陸軍總司令部(47)覆判字第 297 號刑事有罪判決（下稱前案）及臺灣警備總司令部 62...
        [Body] 故本件僅就後案之刑事有罪判決重新調查，合先敘明。
    [L2] （二） 為期釐清事實，本會積極搜尋相關資料，相關過程如下：
        [L3] 1、 如前述，當事人曾向補償基金會申請補償，補償相關檔卷資料已由國家人權博物館提供。
        [L3] 2、 經檢索國家發展委員會檔案管理局（下稱檔案局）之國家檔案資訊網，以「簡龍飛」關鍵字，查得該局典藏之相關檔案 3宗，分...
[L1] 三、 簡龍飛所涉刑事有罪判決之要旨（一） 本件經臺灣警備總司令部 62 年 7 月 4 日 62 年度初特字第 47號、...
    [L2] （二） 系爭判決犯罪事實略以：
        [L3] 1、 簡龍飛前犯叛亂罪經判刑7年，在軍人監獄及綠島服刑期間，與同監受刑人顏〇明、施〇聰、林〇旺、陳〇水、彭〇木等結識，6...
        [L3] 2、 61 年 8 月間在臺北監獄服刑中，唯恐誣告匪諜案發，難逃刑責，復教唆同監受刑人朱〇林書寫：「……大陸上毛主席是偉...
    [L2] （三） 系爭判決理由略以：
        [L3] 1、 誣告匪諜部分：簡龍飛對於 60 年 4 月間捏造顏〇明、施〇聰、林〇旺、汪〇津、胡〇滾、李〇軍等為共產黨黨徒，向調...
        [L3] 2、 教唆為匪宣傳部分：簡龍飛對於 61 年 8 月間在臺北監獄服刑中，教唆同監受刑人朱〇林書寫：「……大陸上毛主席是偉...
[L1] 四、 促轉條例第 6 條第 3 項第 2 款所稱「應予平復司法不法之刑事有罪判決」，係指同條第 1 項所規定之「威權統治...
[L1] 五、 本件尚難認其追訴或審判有違反自由民主憲政秩序、侵害公平審判原則之事由，非屬依促轉條例應予平復司法不法之刑事有罪判決...
    [L2] （二） 次按促轉條例第 6 條立法理由第 3 點：「德國在處理納粹時期，為維護納粹不法政權所作出違反人性尊嚴、正義理念的...
    [L2] （三） 復按「當事人就其在威權統治時期受司法『不法』審判之案件，可以依促轉條例聲請平復者，自『促進轉型正義』乙詞，顧名思...
    [L2] （四） 又促進轉型正義概念下之「司法不法」，觀諸促轉條例第 6 條第3 項第 1 款規定，直接立法撤銷刑事裁判之案件係指...
    [L2] （五） 經查，本件當事人係因於 60 至 61 年間涉及誣告他人為匪諜，以及藉陷害教唆他人書寫讚頌毛澤東文字，以供作自己...
    [L2] （六） 另據本會所查現有資料，聲請人於聲請書及當事人於偵審中所稱遭不正訊問等情或有再檢視之空間，惟一方面，並無相關證據可...
        [Body] 據上論結，本件聲請為無理由，爰依促轉條例第 6 條第 1 項及第 3 項第 2 款規定，決定如主文。
        [Body] 促進轉型正義委員會代理主任委員 葉虹靈委員 陳雨凡王增勇蔡志偉 Awi Mona徐偉群彭仁郁中 華 民 國 1 1 1 ...
        [Body] 相關規定：
        [Body] 法院辦理促進轉型正義條例第六條救濟案件審理辦法第 4 條第 3 項：
        [Body] 「中華民國一百零二年八月十三日軍事審判法修正公布施行前之軍事審判案件，依法院辦理軍事審判法修正施行後軍事法院移送軍法案件...

6. [表格] 數量: 0

============================================================
檔案: 促轉司字第90號_范政祐 1110518.pdf
1. [Meta] 案號: 促轉司字第90號
2. [Meta] 聲請人: 依職權調查
3. [Meta] 受裁判人: 范政祐
4. [主文] (前 100 字): 范政祐受臺灣臺北地方法院 69 年度訴字第 923、936 號、臺灣高等法院 69 年度重上訴字第 132 號、最高法院 69 年度台上字第 3851 號刑事判決，其中關於多眾集合為暴行脅迫指揮他人之...

   --- [理由結構化樹狀預覽] ---
[L1] 一、 促進轉型正義條例（下稱促轉條例）第 6 條第 3 項第 2 款所稱「應予平復司法不法之刑事有罪判決」，係指同條第 ...
[L1] 二、 本會依職權調查范政祐所受刑事有罪判決本件當事人范政祐受臺灣臺北地方法院 69 年訴字第 923、936號、臺灣高等...
[L1] 三、 本件判決背景（一） 民國（下同）62 年臺灣省第 8 屆縣市議員選舉，張俊宏參選臺北市議員，雖未當選，然其首開以「...
    [L2] （二） 66 年 11 月 19 日係五項地方公職選舉投票日，許信良為桃園縣長無黨籍參選人。該日早上，桃園中壢國小之投開...
    [L2] （三） 黨外陣營 66 年選舉進展順利，對其而言，67 年 12 月第三次增額立法委員選舉及與增額國大代表選舉，即為必須...
    [L2] （四） 68 年 1 月 21 日，前高雄縣長余登發及其子余瑞言，被威權統治政府指控為「匪諜」而遭捕，罪名是「知匪不報」...
    [L2] （五） 68 年 5 月中旬，黃信介申請到美麗島雜誌的發刊許可。從此臺灣警備總司令部（現已裁撤，下稱警備總部）、司法行政...
        [Body] 由此可知，美麗島雜誌社所舉辦的活動經常受威權統治當局授意而受到擾亂。
    [L2] （六） 美麗島雜誌社欲在 68 年 12 月 10 日世界人權日於高雄舉辦遊行、演講，該年 11 月 30 日美麗島雜誌...
    [L2] （七） 鼓山事件導致民情沸騰，並促使美麗島雜誌社員工如黃信介、呂秀蓮等於 68 年 12 月 10 日集結於高雄，並突破...
    [L2] （八） 高雄「世界人權紀念日」集會遊行發生的衝突事件，其發生原因係來自黨外陣營與威權統治政府的拉鋸。判決事實與理由係針對...
[L1] 四、 本件判決之要旨（一） 本件經最高法院 69 年度台上字第 3851 號判決有罪確定，又上開判決係駁回所有被告之上訴...
    [L2] （二） 本件判決主文記載：「范政祐多眾集合為暴行脅迫，率先助勢，處有期徒刑 3 年 9 月，褫奪公權 3 年，附表所示之...
        [L3] 1、 緣黃信介、施明德、姚嘉文等人共謀以非法方法顛覆政府，研擬奪權計劃，以美麗島雜誌社為掩護，在臺灣各地廣設服務處，經常...
        [L3] 2、 范政祐係美麗島雜誌社臺中基金會副主任委員，於 68 年 11 月20 日舉辦美麗島雜誌社臺中之夜集會，於會中顯示以...
    [L2] （四） 范政祐部分判決理由略以：
        [L3] 1、 查業經軍法判決叛亂罪刑確定之黃信介、施明德、姚嘉文等人，共謀以非法方法顛覆政府，研擬奪權計劃，以美麗島雜誌社為掩護...
        [L3] 2、 高院調閱「臺灣南部地區警備司令部高雄一二一○暴力事件之經過情形簡述」及「周平德等暴力脅迫有關資料」，臺灣南部地區警...
            [Body] 又遊行隊伍行進至大圓環新興警察分局前，即由黃信介、施明德、周平德、范政祐等人相繼上台演講，周平德、范政祐分別以「槍枝與拳...
            [Body] 被告等自始本於聚眾為暴行脅迫之意思，參與指揮，率先在場助勢，或附和隨行，堪以認定。被告等一致指稱當晚 8 時 40分以前...
        [L3] 3、 查上開聚眾暴行脅迫為施明德等所策劃，被告等對於暴行之發生原有預見，而暴行之結果又不違背其意思，自應就全部結果擔負刑...
        [L3] 4、 個別犯罪事實之認定理由：范政祐坦承身披彩帶名條，參加遊行，並上台演講，惟否認聚眾為暴行脅迫之犯意及行為，辯稱演講內...
            [Body] 范政祐在軍事檢察官偵查中亦坦承有以槍枝輸給石頭為題演講，以激烈語氣煽惑群眾，群眾叫好之情事，復有現場照片可資參證，具見范...
            [Body] 所舉證人何開三到庭證稱當晚 7 時半至 8 時與范政祐碰面，9時半以後再碰面一次，與其在警訊中供稱當晚 10 時以後在美...
        [L3] 5、 范政祐參加公然聚眾對依法執行職務之憲兵警察為暴行脅迫，率先助勢，係一行為觸犯刑法第 136 條第 1 項後段公然聚...
[L1] 五、 范政祐所受刑事有罪判決，係屬違反自由民主憲政秩序、侵害公平審判原則所追訴、審判之刑事案件
    [L2] (一) 關於自由民主憲政秩序之意涵，及內含之各項基本原則，司法院釋字第 499 號解釋理由書中有如下闡釋：「我國憲法雖未...
    [L2] (二) 范政祐於本件偵查過程中疑似遭到刑求等不正情事，僅以調查局否認刑求之公文而遽謂當事人之偵查筆錄可採，並未實質調查其...
        [L3] 1、 按 57 年 12 月 5 日修正公布之刑事訴訟法第 154 條規定：「犯罪事實應依證據認定之，無證據不得推定其犯...
            [Body] 「被告之自白，非出於強暴、脅迫、利誘、詐欺、違法羈押或其他不正之方法，且與事實相符者，得為證據。（第 1 項）被告之自白...
            [Body] （第 3 項）」係刑事訴訟法對自白證據方法之特別規定，限制其合法取得程序及證明力。刑事訴訟法禁止以不正方法取得被告自白，...
        [L3] 2、 查本件判決理由，有據當事人受軍事檢察官之偵查筆錄作為證據，然查范政祐於 69 年 4 月 16 日受訊問時陳述：「...
            [Body] 「問：對軍事檢察官偵查中的陳述有何意見？答：那些筆錄不實在，我一直受疲勞審訊，而且調查人員還刑求」、於 69 年5 月 ...
        [L3] 3、 刑求抗辯是對證據與起訴合法性的嚴厲指控，范政祐已向法院提出自白任意性及刑求抗辯，其等辯護人亦請求推事調查自白任意性...
    [L2] (三) 本件判決對范政祐的思想與言論施予刑罰制裁，乃威權統治當局用以壓制政治異議，遏阻人民發展獨立人格，使人民絕對服從之...
        [L3] 1、 司法院釋字第 756 號解釋理由書指出：「言論、講學、著作及出版之自由為憲法第 11 條所明文保障，不僅是基本人權...
        [L3] 2、 緣美麗島雜誌社之成立後，范政祐擔任美麗島雜誌社臺中基金會副主任委員， 68 年 12 月 10 日上午與陳博文、蔡...
        [L3] 3、 參酌本件全部檔案資料，范政祐演講之內容，其意義係獨裁者因不民主、以鎮壓手段維繫其政權，往往為民主的潮流淹沒，重點在...
    [L2] (四) 本件判決制裁范政祐參與世界人權紀念日集會遊行並演講之行為，侵害集會、結社自由而危及自由民主憲政秩序之存續
        [L3] 1、 按集會及結社自由為憲法第 14 條所明文保障，不僅是基本人權，更是民主政治得以健全運作之基礎。司法院釋字第 445...
            [Body] 參與集會、結社，本為集會及結社自由所保障之活動，若竟因此須受刑事處罰，不唯侵害人權，更嚴重危及自由民主憲政秩序之存續。故...
        [L3] 2、 參以現行組織犯罪防制條例第 2 條第 1 項就該條例所稱犯罪組織，明定係指三人以上，以實施強暴、脅迫、詐術、恐嚇為...
        [L3] 3、 按聚眾暴行脅迫罪之構成要件，須有主謀、指揮或助勢暴行脅迫之行為。查判決事實指摘范政祐 68 年 12 月 10 日...
[L1] 六、 美麗島事件，係臺灣民主化進程中重大的事件：一九七○年代民主運動的推波助瀾下，黨外言論逐漸蓬勃，而終在 68 年達到...
[L1] 七、 至於本件判決范政祐未受允准持有軍用槍枝子彈而定罪部分，經查范政祐於審判筆錄中坦承不諱，此部分之判決認定，應與其案件...
[L1] 八、 據上論結，爰依促轉條例第 6 條第 1 項及第 3 項第 2 款規定，決定如主文。
    [Body] 促進轉型正義委員會代理主任委員 葉虹靈委員 陳雨凡王增勇蔡志偉 Awi Mona徐偉群彭仁郁中 華 民 國 1 1 1 ...

6. [表格] 數量: 2
   -> 表格範例 (第一列): ['', '起訴者', '審判者']

